Copyright 1986-2022 Xilinx, Inc. All Rights Reserved. Copyright 2022-2025 Advanced Micro Devices, Inc. All Rights Reserved.
--------------------------------------------------------------------------------------------------------------------------------------------------------------------------------------
| Tool Version : Vivado v.2025.2 (win64) Build 6299465 Fri Nov 14 19:35:11 GMT 2025
| Date         : Thu May  7 04:42:21 2026
| Host         : harun running 64-bit major release  (build 9200)
| Command      : report_methodology -file design_1_wrapper_methodology_drc_routed.rpt -pb design_1_wrapper_methodology_drc_routed.pb -rpx design_1_wrapper_methodology_drc_routed.rpx
| Design       : design_1_wrapper
| Device       : xc7z020clg400-1
| Speed File   : -1
| Design State : Fully Routed
--------------------------------------------------------------------------------------------------------------------------------------------------------------------------------------

Report Methodology

Table of Contents
-----------------
1. REPORT SUMMARY
2. REPORT DETAILS

1. REPORT SUMMARY
-----------------
            Netlist: netlist
          Floorplan: design_1
      Design limits: <entire design considered>
             Max checks: <unlimited>
             Checks found: 18
+-----------+----------+--------------------------------------------------------+--------+
| Rule      | Severity | Description                                            | Checks |
+-----------+----------+--------------------------------------------------------+--------+
| HPDR-1    | Warning  | Port pin direction inconsistency                       | 1      |
| HPDR-2    | Warning  | Port pin INOUT inconsistency                           | 2      |
| TIMING-18 | Warning  | Missing input or output delay                          | 10     |
| TIMING-24 | Warning  | Overridden Max delay datapath only                     | 2      |
| XDCB-5    | Warning  | Runtime inefficient way to find pin objects            | 1      |
| XDCC-1    | Warning  | Scoped Clock constraint overwritten with the same name | 1      |
| XDCC-7    | Warning  | Scoped Clock constraint overwritten on the same source | 1      |
+-----------+----------+--------------------------------------------------------+--------+

2. REPORT DETAILS
-----------------
HPDR-1#1 Warning
Port pin direction inconsistency  
Hierarchical port(pin) cam_sda direction INOUT is not consistent with the directions of the cell pins/ports found at that level of the netlist hierarchy. Please review the design and consider changing the port(pin) direction. Both drivers and loads were expected for the net (cam_sda) connected to this Port, but both were not found.
Related violations: <none>

HPDR-2#1 Warning
Port pin INOUT inconsistency  
Hierarchical port(pin) design_1_i/cam_sda direction INOUT is not consistent with the directions of the cell pins/ports found at that level of the netlist hierarchy. Please review the design and consider changing the port(pin) direction. Both drivers and loads were expected for the net (cam_sda_OBUF) connected to this hierarchical pin/port, but both were not found.
Related violations: <none>

HPDR-2#2 Warning
Port pin INOUT inconsistency  
Hierarchical port(pin) design_1_i/top_0/cam_sda direction INOUT is not consistent with the directions of the cell pins/ports found at that level of the netlist hierarchy. Please review the design and consider changing the port(pin) direction. Both drivers and loads were expected for the net (design_1_i/top_0/cam_sda) connected to this hierarchical pin/port, but both were not found.
Related violations: <none>

TIMING-18#1 Warning
Missing input or output delay  
An input delay is missing on cam_data[0] relative to the rising and/or falling clock edge(s) of cam_pclk.
Related violations: <none>

TIMING-18#2 Warning
Missing input or output delay  
An input delay is missing on cam_data[1] relative to the rising and/or falling clock edge(s) of cam_pclk.
Related violations: <none>

TIMING-18#3 Warning
Missing input or output delay  
An input delay is missing on cam_data[2] relative to the rising and/or falling clock edge(s) of cam_pclk.
Related violations: <none>

TIMING-18#4 Warning
Missing input or output delay  
An input delay is missing on cam_data[3] relative to the rising and/or falling clock edge(s) of cam_pclk.
Related violations: <none>

TIMING-18#5 Warning
Missing input or output delay  
An input delay is missing on cam_data[4] relative to the rising and/or falling clock edge(s) of cam_pclk.
Related violations: <none>

TIMING-18#6 Warning
Missing input or output delay  
An input delay is missing on cam_data[5] relative to the rising and/or falling clock edge(s) of cam_pclk.
Related violations: <none>

TIMING-18#7 Warning
Missing input or output delay  
An input delay is missing on cam_data[6] relative to the rising and/or falling clock edge(s) of cam_pclk.
Related violations: <none>

TIMING-18#8 Warning
Missing input or output delay  
An input delay is missing on cam_data[7] relative to the rising and/or falling clock edge(s) of cam_pclk.
Related violations: <none>

TIMING-18#9 Warning
Missing input or output delay  
An input delay is missing on cam_href relative to the rising and/or falling clock edge(s) of cam_pclk.
Related violations: <none>

TIMING-18#10 Warning
Missing input or output delay  
An input delay is missing on cam_vsync relative to the rising and/or falling clock edge(s) of cam_pclk.
Related violations: <none>

TIMING-24#1 Warning
Overridden Max delay datapath only  
An asynchronous set_clock_groups or a set_false path (see constraint position 8 in the Timing Constraints window in Vivado IDE) between clocks cam_pclk and clk_out1_system_clk_wiz_0_0 overrides a set_max_delay -datapath_only (position 19). It is not recommended to override a set_max_delay -datapath_only constraint. Replace the set_clock_groups or set_false_path between clocks with point-to-point set_false_path constraints
Related violations: <none>

TIMING-24#2 Warning
Overridden Max delay datapath only  
An asynchronous set_clock_groups or a set_false path (see constraint position 8 in the Timing Constraints window in Vivado IDE) between clocks clk_out1_system_clk_wiz_0_0 and cam_pclk overrides a set_max_delay -datapath_only (position 17). It is not recommended to override a set_max_delay -datapath_only constraint. Replace the set_clock_groups or set_false_path between clocks with point-to-point set_false_path constraints
Related violations: <none>

XDCB-5#1 Warning
Runtime inefficient way to find pin objects  
The option '-through : [get_pins -filter {NAME =~ *SyncAsync*/oSyncStages_reg[0]/D} -hier]' of constraint 'set_false_path' uses inefficient query to find pin objects (see constraint position '4' in the Timing Constraint window in Vivado IDE). To reduce runtime, it is recommended to get the pins through the cell objects. Please refer to Using Constraints Guide (Constraints Efficiency). An example of optimal query is: get_pins -filter {REF_PIN_NAME=~yy*} -of_objects [get_cells -hierarchical xx*].
Current XDC: c:/Users/harun/Documents/MP/MP_DEMO_COMBINED/MP_DEMO_COMBINED.gen/sources_1/bd/system/ip/system_rgb2dvi_0_0/src/rgb2dvi.xdc (Line: 5)
Related violations: <none>

XDCC-1#1 Warning
Scoped Clock constraint overwritten with the same name  
A new clock constraint create_clock overrides a previous scoped clock constraint with the same name. It is not recommended to override a scoped (typically an IP) clock constraint and could result in unexpected behaviors.
New: create_clock -period 8.000 -name sys_clk [get_ports sys_clk] (Source: C:/Users/harun/Documents/MP/MP_DEMO_SRC/pynq_z2.xdc (Line: 10))
Previous: create_clock -period 8.000 [get_ports sys_clk] (Source: c:/Users/harun/Documents/MP/MP_DEMO_COMBINED/MP_DEMO_COMBINED.gen/sources_1/bd/system/ip/system_clk_wiz_0_0/system_clk_wiz_0_0.xdc (Line: 53))
Related violations: <none>

XDCC-7#1 Warning
Scoped Clock constraint overwritten on the same source  
A new clock constraint create_clock overrides a previous scoped clock constraint defined on the same source. It is not recommended to override a scoped (typically an IP) clock constraint and could result in unexpected behaviors.
New: create_clock -period 8.000 -name sys_clk [get_ports sys_clk] (Source: C:/Users/harun/Documents/MP/MP_DEMO_SRC/pynq_z2.xdc (Line: 10))
Previous: create_clock -period 8.000 [get_ports sys_clk] (Source: c:/Users/harun/Documents/MP/MP_DEMO_COMBINED/MP_DEMO_COMBINED.gen/sources_1/bd/system/ip/system_clk_wiz_0_0/system_clk_wiz_0_0.xdc (Line: 53))
Related violations: <none>


