Copyright 1986-2022 Xilinx, Inc. All Rights Reserved. Copyright 2022-2025 Advanced Micro Devices, Inc. All Rights Reserved.
---------------------------------------------------------------------------------------------------------------------------------------------
| Tool Version : Vivado v.2025.2 (win64) Build 6299465 Fri Nov 14 19:35:11 GMT 2025
| Date         : Thu May  7 04:41:43 2026
| Host         : harun running 64-bit major release  (build 9200)
| Command      : report_control_sets -verbose -file design_1_wrapper_control_sets_placed.rpt
| Design       : design_1_wrapper
| Device       : xc7z020
---------------------------------------------------------------------------------------------------------------------------------------------

Control Set Information

Table of Contents
-----------------
1. Summary
2. Histogram
3. Flip-Flop Distribution
4. Detailed Control Set Information

1. Summary
----------

+----------------------------------------------------------+-------+
|                          Status                          | Count |
+----------------------------------------------------------+-------+
| Total control sets                                       |    93 |
|    Minimum number of control sets                        |    93 |
|    Addition due to synthesis replication                 |     0 |
|    Addition due to physical synthesis replication        |     0 |
| Unused register locations in slices containing registers |   225 |
+----------------------------------------------------------+-------+
* Control sets can be merged at opt_design using control_set_merge or merge_equivalent_drivers
** Run report_qor_suggestions for automated merging and remapping suggestions


2. Histogram
------------

+--------------------+-------+
|       Fanout       | Count |
+--------------------+-------+
| Total control sets |    93 |
| >= 0 to < 4        |     2 |
| >= 4 to < 6        |     8 |
| >= 6 to < 8        |     4 |
| >= 8 to < 10       |     8 |
| >= 10 to < 12      |     5 |
| >= 12 to < 14      |     1 |
| >= 14 to < 16      |    50 |
| >= 16              |    15 |
+--------------------+-------+
* Control sets can be remapped at either synth_design or opt_design


3. Flip-Flop Distribution
-------------------------

+--------------+-----------------------+------------------------+-----------------+--------------+
| Clock Enable | Synchronous Set/Reset | Asynchronous Set/Reset | Total Registers | Total Slices |
+--------------+-----------------------+------------------------+-----------------+--------------+
| No           | No                    | No                     |             323 |          101 |
| No           | No                    | Yes                    |               8 |            3 |
| No           | Yes                   | No                     |             114 |           43 |
| Yes          | No                    | No                     |             108 |           29 |
| Yes          | No                    | Yes                    |               0 |            0 |
| Yes          | Yes                   | No                     |             934 |          267 |
+--------------+-----------------------+------------------------+-----------------+--------------+


4. Detailed Control Set Information
-----------------------------------

+------------------------------------------------------------------+-------------------------------------------------------------------------------------------------------------------------------------+---------------------------------------------------------------------------------------------------------------------------------------------------------------------------------+------------------+----------------+--------------+
|                           Clock Signal                           |                                                            Enable Signal                                                            |                                                                                 Set/Reset Signal                                                                                | Slice Load Count | Bel Load Count | Bels / Slice |
+------------------------------------------------------------------+-------------------------------------------------------------------------------------------------------------------------------------+---------------------------------------------------------------------------------------------------------------------------------------------------------------------------------+------------------+----------------+--------------+
|  design_1_i/top_0/inst/u_system/system_i/clk_wiz_0/inst/clk_out1 |                                                                                                                                     | design_1_i/top_0/inst/u_system/system_i/rgb2dvi_0/U0/ClockGenInternal.ClockGenX/LockLostReset/aRst_int_0                                                                        |                1 |              2 |         2.00 |
|  design_1_i/top_0/inst/u_system/system_i/clk_wiz_0/inst/clk_out1 |                                                                                                                                     | design_1_i/top_0/inst/u_system/system_i/rgb2dvi_0/U0/ClockGenInternal.ClockGenX/in0                                                                                             |                1 |              2 |         2.00 |
|  cam_pclk_IBUF_BUFG                                              |                                                                                                                                     | design_1_i/top_0/inst/u_system/system_i/axis_data_fifo_0/inst/gen_fifo.xpm_fifo_axis_inst/xpm_fifo_base_inst/xpm_fifo_rst_inst/FSM_onehot_gen_rst_ic.curr_wrst_state[4]_i_1_n_0 |                2 |              4 |         2.00 |
|  design_1_i/top_0/inst/u_system/system_i/clk_wiz_0/inst/clk_out1 | design_1_i/top_0/inst/u_cam_config/SCCB1/FSM_state[3]_i_1_n_0                                                                       |                                                                                                                                                                                 |                2 |              4 |         2.00 |
|  cam_pclk_IBUF_BUFG                                              | design_1_i/top_0/inst/u_read_pixels/end_of_pixel                                                                                    | design_1_i/top_0/inst/u_read_pixels/x_mod10[3]_i_1_n_0                                                                                                                          |                1 |              4 |         4.00 |
|  cam_pclk_IBUF_BUFG                                              | design_1_i/top_0/inst/u_read_pixels/y_mod10[3]_i_1_n_0                                                                              | cam_vsync_IBUF                                                                                                                                                                  |                1 |              4 |         4.00 |
|  design_1_i/top_0/inst/u_system/system_i/clk_wiz_0/inst/clk_out1 |                                                                                                                                     | design_1_i/top_0/inst/u_system/system_i/rst_pixel_74m/U0/EXT_LPF/lpf_int                                                                                                        |                2 |              4 |         2.00 |
|  design_1_i/top_0/inst/u_system/system_i/clk_wiz_0/inst/clk_out1 |                                                                                                                                     | design_1_i/top_0/inst/u_system/system_i/rgb2dvi_0/U0/ClockGenInternal.ClockGenX/LockLostReset/SyncAsyncx/oSyncStages[1]                                                         |                1 |              4 |         4.00 |
|  design_1_i/top_0/inst/u_system/system_i/clk_wiz_0/inst/clk_out1 | design_1_i/top_0/inst/u_cam_config/SCCB1/FSM_return_state[3]_i_1_n_0                                                                |                                                                                                                                                                                 |                1 |              4 |         4.00 |
|  design_1_i/top_0/inst/u_system/system_i/clk_wiz_0/inst/clk_out1 | design_1_i/top_0/inst/u_cam_config/SCCB1/byte_index[3]_i_1_n_0                                                                      |                                                                                                                                                                                 |                1 |              4 |         4.00 |
|  cam_pclk_IBUF_BUFG                                              |                                                                                                                                     | design_1_i/top_0/inst/u_read_pixels/frame_done                                                                                                                                  |                2 |              6 |         3.00 |
|  cam_pclk_IBUF_BUFG                                              | design_1_i/smoothing_0/inst/col_index[5]_i_1_n_0                                                                                    | design_1_i/top_0/inst/u_read_pixels/frame_done                                                                                                                                  |                2 |              6 |         3.00 |
|  design_1_i/top_0/inst/u_system/system_i/clk_wiz_0/inst/clk_out1 | design_1_i/top_0/inst/u_system/system_i/rst_pixel_74m/U0/SEQ/seq_cnt_en                                                             | design_1_i/top_0/inst/u_system/system_i/rst_pixel_74m/U0/SEQ/SEQ_COUNTER/clear                                                                                                  |                2 |              6 |         3.00 |
|  design_1_i/top_0/inst/u_system/system_i/clk_wiz_0/inst/clk_out1 | design_1_i/top_0/inst/sel                                                                                                           |                                                                                                                                                                                 |                2 |              6 |         3.00 |
|  cam_pclk_IBUF_BUFG                                              | design_1_i/top_0/inst/u_read_pixels/pixel_data[7]                                                                                   |                                                                                                                                                                                 |                1 |              8 |         8.00 |
|  cam_pclk_IBUF_BUFG                                              | design_1_i/smoothing_0/inst/pixel_data_avg[7]_i_1_n_0                                                                               | design_1_i/top_0/inst/u_read_pixels/frame_done                                                                                                                                  |                2 |              8 |         4.00 |
|  cam_pclk_IBUF_BUFG                                              | design_1_i/top_0/inst/u_read_pixels/pixel_data[15]                                                                                  |                                                                                                                                                                                 |                1 |              8 |         8.00 |
|  design_1_i/top_0/inst/u_system/system_i/clk_wiz_0/inst/clk_out1 |                                                                                                                                     | design_1_i/top_0/inst/u_system/SR[0]                                                                                                                                            |                4 |              8 |         2.00 |
|  design_1_i/top_0/inst/u_system/system_i/clk_wiz_0/inst/clk_out1 |                                                                                                                                     | design_1_i/top_0/inst/panel_y_pixel[7]_i_1_n_0                                                                                                                                  |                2 |              8 |         4.00 |
|  design_1_i/top_0/inst/u_system/system_i/clk_wiz_0/inst/clk_out1 | design_1_i/top_0/inst/u_cam_config/rom1/ready_reg[0]                                                                                | design_1_i/top_0/inst/u_cam_config/config_1/rom_addr[7]_i_1_n_0                                                                                                                 |                2 |              8 |         4.00 |
|  design_1_i/top_0/inst/u_system/system_i/clk_wiz_0/inst/clk_out1 | design_1_i/top_0/inst/u_cam_config/SCCB1/tx_byte[7]_i_1_n_0                                                                         |                                                                                                                                                                                 |                2 |              8 |         4.00 |
|  design_1_i/top_0/inst/u_system/system_i/clk_wiz_0/inst/clk_out1 | design_1_i/top_0/inst/u_cam_config/config_1/timer[31]_i_2_n_0                                                                       | design_1_i/top_0/inst/u_cam_config/config_1/timer[19]_i_1_n_0                                                                                                                   |                5 |              9 |         1.80 |
|  cam_pclk_IBUF_BUFG                                              | design_1_i/top_0/inst/u_read_pixels/rp_pixel_valid                                                                                  |                                                                                                                                                                                 |                4 |             10 |         2.50 |
|  cam_pclk_IBUF_BUFG                                              | design_1_i/top_0/inst/u_read_pixels/end_of_pixel                                                                                    | design_1_i/top_0/inst/u_read_pixels/clear                                                                                                                                       |                3 |             10 |         3.33 |
|  design_1_i/top_0/inst/u_system/system_i/clk_wiz_0/inst/clk_out1 |                                                                                                                                     | design_1_i/top_0/inst/u_system/system_i/rgb2dvi_0/U0/DataEncoders[0].DataEncoder/pDataOutRaw[9]_i_1__1_n_0                                                                      |                3 |             10 |         3.33 |
|  design_1_i/top_0/inst/u_system/system_i/clk_wiz_0/inst/clk_out1 | design_1_i/top_0/inst/u_cam_config/SCCB1/timer[10]_i_1_n_0                                                                          |                                                                                                                                                                                 |                5 |             10 |         2.00 |
|  design_1_i/top_0/inst/u_system/system_i/clk_wiz_0/inst/clk_out1 |                                                                                                                                     | design_1_i/top_0/inst/u_system/sync_h_reg[9]                                                                                                                                    |                3 |             11 |         3.67 |
|  design_1_i/top_0/inst/u_system/system_i/clk_wiz_0/inst/clk_out1 | design_1_i/top_0/inst/sync_v[0]                                                                                                     | design_1_i/top_0/inst/u_system/bbstub_peripheral_aresetn[0][0]                                                                                                                  |                4 |             12 |         3.00 |
|  cam_pclk_IBUF_BUFG                                              | design_1_i/smoothing_0/inst/sum[29][13]_i_2_n_0                                                                                     | design_1_i/smoothing_0/inst/sum[29][13]_i_1_n_0                                                                                                                                 |                4 |             14 |         3.50 |
|  cam_pclk_IBUF_BUFG                                              | design_1_i/smoothing_0/inst/sum[23][13]_i_2_n_0                                                                                     | design_1_i/smoothing_0/inst/sum[23][13]_i_1_n_0                                                                                                                                 |                2 |             14 |         7.00 |
|  cam_pclk_IBUF_BUFG                                              | design_1_i/smoothing_0/inst/sum[2][13]_i_2_n_0                                                                                      | design_1_i/smoothing_0/inst/sum[2][13]_i_1_n_0                                                                                                                                  |                4 |             14 |         3.50 |
|  cam_pclk_IBUF_BUFG                                              | design_1_i/smoothing_0/inst/sum[38][13]_i_2_n_0                                                                                     | design_1_i/smoothing_0/inst/sum[38][13]_i_1_n_0                                                                                                                                 |                2 |             14 |         7.00 |
|  cam_pclk_IBUF_BUFG                                              | design_1_i/smoothing_0/inst/sum[35][13]_i_2_n_0                                                                                     | design_1_i/smoothing_0/inst/sum[35][13]_i_1_n_0                                                                                                                                 |                2 |             14 |         7.00 |
|  cam_pclk_IBUF_BUFG                                              | design_1_i/smoothing_0/inst/sum[31][13]_i_2_n_0                                                                                     | design_1_i/smoothing_0/inst/sum[31][13]_i_1_n_0                                                                                                                                 |               11 |             14 |         1.27 |
|  cam_pclk_IBUF_BUFG                                              | design_1_i/smoothing_0/inst/sum[34][13]_i_2_n_0                                                                                     | design_1_i/smoothing_0/inst/sum[34][13]_i_1_n_0                                                                                                                                 |                2 |             14 |         7.00 |
|  cam_pclk_IBUF_BUFG                                              | design_1_i/smoothing_0/inst/sum[36][13]_i_2_n_0                                                                                     | design_1_i/smoothing_0/inst/sum[36][13]_i_1_n_0                                                                                                                                 |                2 |             14 |         7.00 |
|  cam_pclk_IBUF_BUFG                                              | design_1_i/smoothing_0/inst/sum[39][13]_i_2_n_0                                                                                     | design_1_i/smoothing_0/inst/sum[39][13]_i_1_n_0                                                                                                                                 |                2 |             14 |         7.00 |
|  cam_pclk_IBUF_BUFG                                              | design_1_i/smoothing_0/inst/sum[40][13]_i_2_n_0                                                                                     | design_1_i/smoothing_0/inst/sum[40][13]_i_1_n_0                                                                                                                                 |                2 |             14 |         7.00 |
|  cam_pclk_IBUF_BUFG                                              | design_1_i/smoothing_0/inst/sum[43][13]_i_2_n_0                                                                                     | design_1_i/smoothing_0/inst/sum[43][13]_i_1_n_0                                                                                                                                 |                4 |             14 |         3.50 |
|  cam_pclk_IBUF_BUFG                                              | design_1_i/smoothing_0/inst/sum[37][13]_i_2_n_0                                                                                     | design_1_i/smoothing_0/inst/sum[37][13]_i_1_n_0                                                                                                                                 |                6 |             14 |         2.33 |
|  cam_pclk_IBUF_BUFG                                              | design_1_i/smoothing_0/inst/sum[41][13]_i_2_n_0                                                                                     | design_1_i/smoothing_0/inst/sum[41][13]_i_1_n_0                                                                                                                                 |                5 |             14 |         2.80 |
|  cam_pclk_IBUF_BUFG                                              | design_1_i/smoothing_0/inst/sum[3][13]_i_2_n_0                                                                                      | design_1_i/smoothing_0/inst/sum[3][13]_i_1_n_0                                                                                                                                  |                6 |             14 |         2.33 |
|  cam_pclk_IBUF_BUFG                                              | design_1_i/smoothing_0/inst/sum[33][13]_i_2_n_0                                                                                     | design_1_i/smoothing_0/inst/sum[33][13]_i_1_n_0                                                                                                                                 |                3 |             14 |         4.67 |
|  cam_pclk_IBUF_BUFG                                              | design_1_i/smoothing_0/inst/sum[44][13]_i_2_n_0                                                                                     | design_1_i/smoothing_0/inst/sum[44][13]_i_1_n_0                                                                                                                                 |                2 |             14 |         7.00 |
|  cam_pclk_IBUF_BUFG                                              | design_1_i/smoothing_0/inst/sum[32][13]_i_2_n_0                                                                                     | design_1_i/smoothing_0/inst/sum[32][13]_i_1_n_0                                                                                                                                 |                3 |             14 |         4.67 |
|  cam_pclk_IBUF_BUFG                                              | design_1_i/smoothing_0/inst/sum[47][13]_i_2_n_0                                                                                     | design_1_i/smoothing_0/inst/sum[47][13]_i_1_n_0                                                                                                                                 |                6 |             14 |         2.33 |
|  cam_pclk_IBUF_BUFG                                              | design_1_i/smoothing_0/inst/sum[21][13]_i_2_n_0                                                                                     | design_1_i/smoothing_0/inst/sum[21][13]_i_1_n_0                                                                                                                                 |                5 |             14 |         2.80 |
|  cam_pclk_IBUF_BUFG                                              | design_1_i/smoothing_0/inst/sum[9][13]_i_2_n_0                                                                                      | design_1_i/smoothing_0/inst/sum[9][13]_i_1_n_0                                                                                                                                  |               11 |             14 |         1.27 |
|  cam_pclk_IBUF_BUFG                                              | design_1_i/smoothing_0/inst/sum[6][13]_i_2_n_0                                                                                      | design_1_i/smoothing_0/inst/sum[6][13]_i_1_n_0                                                                                                                                  |                3 |             14 |         4.67 |
|  cam_pclk_IBUF_BUFG                                              | design_1_i/smoothing_0/inst/sum[5][13]_i_2_n_0                                                                                      | design_1_i/smoothing_0/inst/sum[5][13]_i_1_n_0                                                                                                                                  |                4 |             14 |         3.50 |
|  cam_pclk_IBUF_BUFG                                              | design_1_i/smoothing_0/inst/sum[45][13]_i_2_n_0                                                                                     | design_1_i/smoothing_0/inst/sum[45][13]_i_1_n_0                                                                                                                                 |                4 |             14 |         3.50 |
|  cam_pclk_IBUF_BUFG                                              | design_1_i/smoothing_0/inst/sum[7][13]_i_2_n_0                                                                                      | design_1_i/smoothing_0/inst/sum[7][13]_i_1_n_0                                                                                                                                  |                3 |             14 |         4.67 |
|  cam_pclk_IBUF_BUFG                                              | design_1_i/smoothing_0/inst/sum[8][13]_i_2_n_0                                                                                      | design_1_i/smoothing_0/inst/sum[8][13]_i_1_n_0                                                                                                                                  |                4 |             14 |         3.50 |
|  cam_pclk_IBUF_BUFG                                              | design_1_i/smoothing_0/inst/sum[46][13]_i_2_n_0                                                                                     | design_1_i/smoothing_0/inst/sum[46][13]_i_1_n_0                                                                                                                                 |                6 |             14 |         2.33 |
|  cam_pclk_IBUF_BUFG                                              | design_1_i/smoothing_0/inst/sum[13][13]_i_2_n_0                                                                                     | design_1_i/smoothing_0/inst/sum[13][13]_i_1_n_0                                                                                                                                 |                5 |             14 |         2.80 |
|  cam_pclk_IBUF_BUFG                                              |                                                                                                                                     | design_1_i/top_0/inst/u_system/system_i/axis_data_fifo_0/inst/gen_fifo.xpm_fifo_axis_inst/xpm_fifo_base_inst/xpm_fifo_rst_inst/wrst_busy                                        |                4 |             14 |         3.50 |
|  cam_pclk_IBUF_BUFG                                              | design_1_i/smoothing_0/inst/sum[4][13]_i_2_n_0                                                                                      | design_1_i/smoothing_0/inst/sum[4][13]_i_1_n_0                                                                                                                                  |                4 |             14 |         3.50 |
|  cam_pclk_IBUF_BUFG                                              | design_1_i/smoothing_0/inst/sum[0][13]_i_2_n_0                                                                                      | design_1_i/smoothing_0/inst/sum[0][13]_i_1_n_0                                                                                                                                  |                4 |             14 |         3.50 |
|  cam_pclk_IBUF_BUFG                                              | design_1_i/smoothing_0/inst/sum[10][13]_i_2_n_0                                                                                     | design_1_i/smoothing_0/inst/sum[10][13]_i_1_n_0                                                                                                                                 |                3 |             14 |         4.67 |
|  cam_pclk_IBUF_BUFG                                              | design_1_i/smoothing_0/inst/sum[17][13]_i_2_n_0                                                                                     | design_1_i/smoothing_0/inst/sum[17][13]_i_1_n_0                                                                                                                                 |                2 |             14 |         7.00 |
|  cam_pclk_IBUF_BUFG                                              | design_1_i/smoothing_0/inst/sum[16][13]_i_2_n_0                                                                                     | design_1_i/smoothing_0/inst/sum[16][13]_i_1_n_0                                                                                                                                 |                2 |             14 |         7.00 |
|  cam_pclk_IBUF_BUFG                                              | design_1_i/smoothing_0/inst/sum[1][13]_i_2_n_0                                                                                      | design_1_i/smoothing_0/inst/sum[1][13]_i_1_n_0                                                                                                                                  |                4 |             14 |         3.50 |
|  cam_pclk_IBUF_BUFG                                              | design_1_i/smoothing_0/inst/sum[19][13]_i_2_n_0                                                                                     | design_1_i/smoothing_0/inst/sum[19][13]_i_1_n_0                                                                                                                                 |                2 |             14 |         7.00 |
|  cam_pclk_IBUF_BUFG                                              | design_1_i/smoothing_0/inst/sum[11][13]_i_2_n_0                                                                                     | design_1_i/smoothing_0/inst/sum[11][13]_i_1_n_0                                                                                                                                 |                2 |             14 |         7.00 |
|  cam_pclk_IBUF_BUFG                                              | design_1_i/smoothing_0/inst/sum[15][13]_i_2_n_0                                                                                     | design_1_i/smoothing_0/inst/sum[15][13]_i_1_n_0                                                                                                                                 |                2 |             14 |         7.00 |
|  cam_pclk_IBUF_BUFG                                              | design_1_i/smoothing_0/inst/sum[12][13]_i_2_n_0                                                                                     | design_1_i/smoothing_0/inst/sum[12][13]_i_1_n_0                                                                                                                                 |                3 |             14 |         4.67 |
|  cam_pclk_IBUF_BUFG                                              | design_1_i/smoothing_0/inst/sum[18][13]_i_2_n_0                                                                                     | design_1_i/smoothing_0/inst/sum[18][13]_i_1_n_0                                                                                                                                 |                3 |             14 |         4.67 |
|  cam_pclk_IBUF_BUFG                                              | design_1_i/smoothing_0/inst/sum[14][13]_i_2_n_0                                                                                     | design_1_i/smoothing_0/inst/sum[14][13]_i_1_n_0                                                                                                                                 |                7 |             14 |         2.00 |
|  cam_pclk_IBUF_BUFG                                              | design_1_i/smoothing_0/inst/sum[25][13]_i_2_n_0                                                                                     | design_1_i/smoothing_0/inst/sum[25][13]_i_1_n_0                                                                                                                                 |                2 |             14 |         7.00 |
|  cam_pclk_IBUF_BUFG                                              | design_1_i/smoothing_0/inst/sum[27][13]_i_2_n_0                                                                                     | design_1_i/smoothing_0/inst/sum[27][13]_i_1_n_0                                                                                                                                 |                5 |             14 |         2.80 |
|  cam_pclk_IBUF_BUFG                                              | design_1_i/smoothing_0/inst/sum[42][13]_i_2_n_0                                                                                     | design_1_i/smoothing_0/inst/sum[42][13]_i_1_n_0                                                                                                                                 |                7 |             14 |         2.00 |
|  cam_pclk_IBUF_BUFG                                              | design_1_i/smoothing_0/inst/sum[28][13]_i_2_n_0                                                                                     | design_1_i/smoothing_0/inst/sum[28][13]_i_1_n_0                                                                                                                                 |                6 |             14 |         2.33 |
|  cam_pclk_IBUF_BUFG                                              | design_1_i/smoothing_0/inst/sum[30][13]_i_2_n_0                                                                                     | design_1_i/smoothing_0/inst/sum[30][13]_i_1_n_0                                                                                                                                 |                5 |             14 |         2.80 |
|  cam_pclk_IBUF_BUFG                                              | design_1_i/smoothing_0/inst/sum[20][13]_i_2_n_0                                                                                     | design_1_i/smoothing_0/inst/sum[20][13]_i_1_n_0                                                                                                                                 |                3 |             14 |         4.67 |
|  cam_pclk_IBUF_BUFG                                              | design_1_i/smoothing_0/inst/sum[26][13]_i_2_n_0                                                                                     | design_1_i/smoothing_0/inst/sum[26][13]_i_1_n_0                                                                                                                                 |                3 |             14 |         4.67 |
|  design_1_i/top_0/inst/u_system/system_i/clk_wiz_0/inst/clk_out1 | design_1_i/top_0/inst/hr_cnt[13]_i_1_n_0                                                                                            |                                                                                                                                                                                 |                4 |             14 |         3.50 |
|  cam_pclk_IBUF_BUFG                                              | design_1_i/smoothing_0/inst/sum[22][13]_i_2_n_0                                                                                     | design_1_i/smoothing_0/inst/sum[22][13]_i_1_n_0                                                                                                                                 |                5 |             14 |         2.80 |
|  cam_pclk_IBUF_BUFG                                              | design_1_i/smoothing_0/inst/sum[24][13]_i_2_n_0                                                                                     | design_1_i/smoothing_0/inst/sum[24][13]_i_1_n_0                                                                                                                                 |                3 |             14 |         4.67 |
|  design_1_i/top_0/inst/u_system/system_i/clk_wiz_0/inst/clk_out1 | design_1_i/top_0/inst/u_cam_config/rom1/E[0]                                                                                        |                                                                                                                                                                                 |                4 |             16 |         4.00 |
|  design_1_i/top_0/inst/u_system/system_i/clk_wiz_0/inst/clk_out1 | design_1_i/top_0/inst/u_cam_config/SCCB1/latched_data[7]_i_1_n_0                                                                    |                                                                                                                                                                                 |                2 |             16 |         8.00 |
|  cam_pclk_IBUF_BUFG                                              | design_1_i/top_0/inst/cam_y[0]                                                                                                      | cam_vsync_IBUF                                                                                                                                                                  |                4 |             17 |         4.25 |
|  design_1_i/top_0/inst/u_system/system_i/clk_wiz_0/inst/clk_out1 |                                                                                                                                     | design_1_i/top_0/inst/u_system/system_i/axis_data_fifo_0/inst/gen_fifo.xpm_fifo_axis_inst/xpm_fifo_base_inst/xpm_fifo_rst_inst/gen_rst_ic.fifo_rd_rst_ic_reg_0                  |                7 |             17 |         2.43 |
|  cam_pclk_IBUF_BUFG                                              | design_1_i/top_0/inst/u_read_pixels/E[0]                                                                                            | design_1_i/top_0/inst/RSTC                                                                                                                                                      |                5 |             19 |         3.80 |
|  design_1_i/top_0/inst/u_system/system_i/clk_wiz_0/inst/clk_out1 | design_1_i/top_0/inst/u_cam_config/SCCB1/timer[10]_i_1_n_0                                                                          | design_1_i/top_0/inst/u_cam_config/SCCB1/timer[31]_i_1__0_n_0                                                                                                                   |                6 |             22 |         3.67 |
|  design_1_i/top_0/inst/u_system/system_i/clk_wiz_0/inst/clk_out1 | design_1_i/top_0/inst/u_cam_config/config_1/timer[31]_i_2_n_0                                                                       | design_1_i/top_0/inst/u_cam_config/config_1/timer[31]_i_1_n_0                                                                                                                   |                8 |             22 |         2.75 |
|  design_1_i/top_0/inst/u_system/system_i/clk_wiz_0/inst/clk_out1 | design_1_i/top_0/inst/sccb_start                                                                                                    | design_1_i/top_0/inst/u_system/rst_1                                                                                                                                            |                6 |             23 |         3.83 |
|  design_1_i/top_0/inst/u_system/system_i/clk_wiz_0/inst/clk_out1 | design_1_i/top_0/inst/u_system/system_i/axis_data_fifo_0/inst/gen_fifo.xpm_fifo_axis_inst/xpm_fifo_base_inst/rdp_inst/E[0]          | design_1_i/top_0/inst/u_system/system_i/axis_data_fifo_0/inst/gen_fifo.xpm_fifo_axis_inst/xpm_fifo_base_inst/xpm_fifo_rst_inst/gen_rst_ic.fifo_rd_rst_ic_reg_0                  |                6 |             24 |         4.00 |
|  design_1_i/top_0/inst/u_system/system_i/clk_wiz_0/inst/clk_out2 |                                                                                                                                     |                                                                                                                                                                                 |                6 |             24 |         4.00 |
|  design_1_i/top_0/inst/u_system/system_i/clk_wiz_0/inst/clk_out1 |                                                                                                                                     | design_1_i/top_0/inst/u_system/system_i/rgb2dvi_0/U0/DataEncoders[0].DataEncoder/SR[0]                                                                                          |               14 |             32 |         2.29 |
|  cam_pclk_IBUF_BUFG                                              | design_1_i/memory_writer_0/inst/pixel_counter[0]                                                                                    | design_1_i/memory_writer_0/inst/pixel_counter0                                                                                                                                  |               11 |             32 |         2.91 |
|  cam_pclk_IBUF_BUFG                                              | design_1_i/top_0/inst/u_system/system_i/axis_data_fifo_0/inst/gen_fifo.xpm_fifo_axis_inst/xpm_fifo_base_inst/xpm_fifo_rst_inst/E[0] | design_1_i/top_0/inst/u_system/system_i/axis_data_fifo_0/inst/gen_fifo.xpm_fifo_axis_inst/xpm_fifo_base_inst/xpm_fifo_rst_inst/wrst_busy                                        |                9 |             36 |         4.00 |
|  cam_pclk_IBUF_BUFG                                              |                                                                                                                                     |                                                                                                                                                                                 |               34 |            108 |         3.18 |
|  design_1_i/top_0/inst/u_system/system_i/clk_wiz_0/inst/clk_out1 |                                                                                                                                     |                                                                                                                                                                                 |               62 |            192 |         3.10 |
+------------------------------------------------------------------+-------------------------------------------------------------------------------------------------------------------------------------+---------------------------------------------------------------------------------------------------------------------------------------------------------------------------------+------------------+----------------+--------------+


